{"timestamp":"2025-11-23T14:09:30.703Z","level":"INFO","category":"AUTHENTICATION","message":"LOGIN_ATTEMPT","userId":"aaaa","success":false,"reason":"User not found"}
{"timestamp":"2025-11-23T14:10:00.425Z","level":"INFO","category":"AUTHENTICATION","message":"LOGIN_SUCCESS","userId":"123123","success":true,"accountType":"STUDENT","previousLastLogin":null}
{"timestamp":"2025-11-23T14:12:01.487Z","level":"INFO","category":"AUTHENTICATION","message":"LOGIN_SUCCESS","userId":"admin","success":true,"accountType":"ADMIN","previousLastLogin":null}
{"timestamp":"2025-11-23T14:13:54.715Z","level":"INFO","category":"AUTHENTICATION","message":"LOGIN_SUCCESS","userId":"123123","success":true,"accountType":"STUDENT","previousLastLogin":"2025-11-23T14:10:00.380Z"}
{"timestamp":"2025-11-23T14:17:11.165Z","level":"INFO","category":"AUTHENTICATION","message":"LOGIN_ATTEMPT","userId":"123123","success":false,"reason":"Invalid password","failedAttempts":1}
{"timestamp":"2025-11-23T14:17:16.233Z","level":"INFO","category":"AUTHENTICATION","message":"LOGIN_ATTEMPT","userId":"123123","success":false,"reason":"Invalid password","failedAttempts":2}
{"timestamp":"2025-11-23T14:17:21.662Z","level":"INFO","category":"AUTHENTICATION","message":"LOGIN_ATTEMPT","userId":"123123","success":false,"reason":"Invalid password","failedAttempts":3}
{"timestamp":"2025-11-23T14:17:26.821Z","level":"INFO","category":"AUTHENTICATION","message":"LOGIN_ATTEMPT","userId":"123123","success":false,"reason":"Invalid password","failedAttempts":4}
{"timestamp":"2025-11-23T14:17:31.838Z","level":"WARN","category":"ACCOUNT_LOCKOUT","message":"Account locked","userId":"123123","reason":"Failed attempts: 5"}
{"timestamp":"2025-11-23T14:17:31.839Z","level":"INFO","category":"AUTHENTICATION","message":"LOGIN_ATTEMPT","userId":"123123","success":false,"reason":"Invalid password","failedAttempts":5,"accountLocked":true}
{"timestamp":"2025-11-23T14:17:36.621Z","level":"INFO","category":"AUTHENTICATION","message":"LOGIN_ATTEMPT","userId":"123123","success":false,"reason":"Account locked","minutesLeft":30}
{"timestamp":"2025-11-23T14:22:53.579Z","level":"INFO","category":"PASSWORD_RESET","message":"PASSWORD_RESET_REQUEST","userId":"1231","success":true,"email":"audrinjavier06@gmail.com"}
{"timestamp":"2025-11-23T14:23:28.115Z","level":"INFO","category":"PASSWORD_CHANGE","message":"Password change attempt","userId":"1231","success":false,"reason":"This password was recently used. Please choose a different one."}
{"timestamp":"2025-11-23T14:30:26.965Z","level":"INFO","category":"PASSWORD_CHANGE","message":"Password change attempt","userId":"1231","success":false,"reason":"This password was recently used. Please choose a different one."}
{"timestamp":"2025-11-23T14:30:37.311Z","level":"INFO","category":"AUTHENTICATION","message":"LOGIN_ATTEMPT","userId":"admin","success":false,"reason":"Server error","error":"User validation failed: accountType: `ADMIN` is not a valid enum value for path `accountType`."}
{"timestamp":"2025-11-23T14:32:07.876Z","level":"INFO","category":"AUTHENTICATION","message":"LOGIN_SUCCESS","userId":"admin","success":true,"accountType":"ADMINISTRATOR","previousLastLogin":"2025-11-23T14:12:01.452Z"}
{"timestamp":"2025-11-23T14:34:03.171Z","level":"INFO","category":"AUTHENTICATION","message":"LOGIN_ATTEMPT","userId":"123123","success":false,"reason":"Account locked","minutesLeft":14}
{"timestamp":"2025-11-23T14:34:33.654Z","level":"INFO","category":"AUTHENTICATION","message":"LOGIN_SUCCESS","userId":"admin","success":true,"accountType":"ADMINISTRATOR","previousLastLogin":"2025-11-23T14:32:07.805Z"}
{"timestamp":"2025-11-23T14:35:35.636Z","level":"INFO","category":"AUTHENTICATION","message":"USER_DELETED","userId":"admin","success":true,"deletedUserId":"1231","deletedUserEmail":"audrinjavier06@gmail.com","deletedUserRole":"STUDENT"}
{"timestamp":"2025-11-23T14:39:53.985Z","level":"INFO","category":"AUTHENTICATION","message":"LOGIN_SUCCESS","userId":"admin","success":true,"accountType":"ADMINISTRATOR","previousLastLogin":"2025-11-23T14:34:33.616Z"}
{"timestamp":"2025-11-23T14:50:06.353Z","level":"INFO","category":"AUTHENTICATION","message":"LOGIN_SUCCESS","userId":"admin","success":true,"accountType":"ADMINISTRATOR","previousLastLogin":"2025-11-23T14:39:53.916Z"}
{"timestamp":"2025-11-23T14:50:35.101Z","level":"INFO","category":"AUTHENTICATION","message":"LOGIN_SUCCESS","userId":"admin","success":true,"accountType":"ADMINISTRATOR","previousLastLogin":"2025-11-23T14:50:06.292Z"}
{"timestamp":"2025-11-23T14:54:12.064Z","level":"INFO","category":"AUTHENTICATION","message":"LOGIN_SUCCESS","userId":"admin","success":true,"accountType":"ADMINISTRATOR","previousLastLogin":"2025-11-23T14:50:35.038Z"}
{"timestamp":"2025-11-23T14:56:04.375Z","level":"INFO","category":"AUTHENTICATION","message":"USER_DELETED","userId":"admin","success":true,"deletedUserId":"12345","deletedUserEmail":"darryl_ty@dlsu.edu.ph","deletedUserRole":"STUDENT"}
{"timestamp":"2025-11-23T14:56:13.781Z","level":"INFO","category":"AUTHENTICATION","message":"USER_DELETED","userId":"admin","success":true,"deletedUserId":"12210374","deletedUserEmail":"derrick_valdellon@dlsu.edu.ph","deletedUserRole":"STUDENT"}
{"timestamp":"2025-11-23T14:56:22.446Z","level":"INFO","category":"AUTHENTICATION","message":"USER_DELETED","userId":"admin","success":true,"deletedUserId":"12209554","deletedUserEmail":"hansjared@gmail.com","deletedUserRole":"STUDENT"}
{"timestamp":"2025-11-23T14:56:37.874Z","level":"INFO","category":"AUTHENTICATION","message":"USER_DELETED","userId":"admin","success":true,"deletedUserId":"123123","deletedUserEmail":"abcd@gmail.com","deletedUserRole":"STUDENT"}
{"timestamp":"2025-11-23T14:56:46.866Z","level":"INFO","category":"AUTHENTICATION","message":"USER_DELETED","userId":"admin","success":true,"deletedUserId":"12207675","deletedUserEmail":"matthew_javier@dlsu.edu.ph","deletedUserRole":"STUDENT"}
{"timestamp":"2025-11-23T14:56:54.435Z","level":"INFO","category":"AUTHENTICATION","message":"USER_DELETED","userId":"admin","success":true,"deletedUserId":"12345678","deletedUserEmail":"student_sample@dlsu.edu.ph","deletedUserRole":"STUDENT"}
{"timestamp":"2025-11-23T14:57:02.242Z","level":"INFO","category":"AUTHENTICATION","message":"USER_DELETED","userId":"admin","success":true,"deletedUserId":"123456789","deletedUserEmail":"student@dlsu.edu.ph","deletedUserRole":"STUDENT"}
{"timestamp":"2025-11-23T14:59:03.468Z","level":"INFO","category":"AUTHENTICATION","message":"USER_CREATED","userId":"admin","success":true,"createdUserId":"1","createdUserEmail":"audrinjavier06@gmail.com","accountType":"ROLE_A"}
{"timestamp":"2025-11-23T14:59:19.310Z","level":"INFO","category":"AUTHENTICATION","message":"LOGIN_ATTEMPT","userId":"1","success":false,"reason":"Invalid password","failedAttempts":1}
{"timestamp":"2025-11-23T14:59:29.786Z","level":"INFO","category":"AUTHENTICATION","message":"LOGIN_SUCCESS","userId":"1","success":true,"accountType":"ROLE_A","previousLastLogin":null}
{"timestamp":"2025-11-23T15:00:20.664Z","level":"INFO","category":"AUTHENTICATION","message":"LOGIN_SUCCESS","userId":"2","success":true,"accountType":"ROLE_B","previousLastLogin":null}
{"timestamp":"2025-11-23T15:00:59.194Z","level":"INFO","category":"AUTHENTICATION","message":"LOGIN_SUCCESS","userId":"1","success":true,"accountType":"ROLE_A","previousLastLogin":"2025-11-23T14:59:29.748Z"}
{"timestamp":"2025-11-23T15:01:11.051Z","level":"INFO","category":"AUTHENTICATION","message":"LOGIN_SUCCESS","userId":"admin","success":true,"accountType":"ADMINISTRATOR","previousLastLogin":"2025-11-23T14:54:12.014Z"}
{"timestamp":"2025-11-23T15:05:36.391Z","level":"INFO","category":"AUTHENTICATION","message":"LOGIN_SUCCESS","userId":"1","success":true,"accountType":"ROLE_A","previousLastLogin":"2025-11-23T15:00:59.148Z"}
{"timestamp":"2025-11-23T15:08:45.709Z","level":"INFO","category":"AUTHENTICATION","message":"LOGIN_SUCCESS","userId":"1","success":true,"accountType":"ROLE_A","previousLastLogin":"2025-11-23T15:05:36.344Z"}
{"timestamp":"2025-11-23T15:09:23.938Z","level":"WARN","category":"ACCESS_CONTROL","message":"Access denied","userId":"1","resource":"/admin/deleteReserve","reason":"Attempted to delete non-existent reservation"}
{"timestamp":"2025-11-23T15:09:52.538Z","level":"WARN","category":"ACCESS_CONTROL","message":"Access denied","userId":"1","resource":"/admin/deleteReserve","reason":"Attempted to delete non-existent reservation"}
{"timestamp":"2025-11-23T15:10:11.379Z","level":"INFO","category":"AUTHENTICATION","message":"LOGIN_SUCCESS","userId":"admin","success":true,"accountType":"ADMINISTRATOR","previousLastLogin":"2025-11-23T15:01:11.010Z"}
{"timestamp":"2025-11-23T15:10:41.450Z","level":"INFO","category":"AUTHENTICATION","message":"LOGIN_SUCCESS","userId":"1","success":true,"accountType":"ROLE_A","previousLastLogin":"2025-11-23T15:08:45.640Z"}
{"timestamp":"2025-11-23T15:10:47.734Z","level":"WARN","category":"ACCESS_CONTROL","message":"Access denied","userId":"1","resource":"/admin/deleteReserve","reason":"Attempted to delete non-existent reservation"}
{"timestamp":"2025-11-23T15:15:32.487Z","level":"INFO","category":"AUTHENTICATION","message":"LOGIN_SUCCESS","userId":"2","success":true,"accountType":"ROLE_B","previousLastLogin":"2025-11-23T15:00:20.624Z"}
{"timestamp":"2025-11-23T15:16:14.414Z","level":"INFO","category":"AUTHENTICATION","message":"LOGIN_SUCCESS","userId":"1","success":true,"accountType":"ROLE_A","previousLastLogin":"2025-11-23T15:10:41.409Z"}
{"timestamp":"2025-11-23T15:16:33.587Z","level":"INFO","category":"AUTHENTICATION","message":"LOGIN_SUCCESS","userId":"2","success":true,"accountType":"ROLE_B","previousLastLogin":"2025-11-23T15:15:32.443Z"}
